// Jest Snapshot v1, https://goo.gl/fbAQLP

exports[`generate should with generate types with openai adapter 1`] = `
"
// This file is auto-generated. Do not edit manually.
// This will be populated by the CLI if used
// eslint-disable-next-line @typescript-eslint/no-empty-object-type
export interface GeneratedTypeMap {
  "Find users by id 1": { errors?: any[]; data: { user?: { id: string; name: string; } } };
  "find posts by user id 2": { errors?: any[]; data: { posts: [{ id: string; title: string; body: string; }] } };
}

// Default type map for when CLI is not used or for fallback
export type DefaultTypeMap = Record<string, any>;
//# sourceMappingURL=types.d.ts.map
"
`;
